---
source: tests/snapshot_test_assigned_view.rs
expression: snapshot
---
┌Assigned to Me (0 items)──────────────────────────────────┐
│No tasks or comments assigned to you                      │
│                                                          │
│                                                          │
│                                                          │
│                                                          │
│                                                          │
│                                                          │
│                                                          │
│                                                          │
│                                                          │
│                                                          │
│                                                          │
│                                                          │
└──────────────────────────────────────────────────────────┘
