---
source: tests/snapshot_test_inbox.rs
expression: snapshot
---
┌Inbox─────────────────────────────────────────────────────┐
│▶ 🔄  Status changed - Task status changed from 'In Progres│
│                                                          │
│                                                          │
│                                                          │
│                                                          │
│                                                          │
│                                                          │
│                                                          │
│                                                          │
│                                                          │
│                                                          │
│                                                          │
│                                                          │
└──────────────────────────────────────────────────────────┘
