---
source: tests/snapshot_test.rs
expression: snapshot
---
┌ Task Detail ─────────────────────────────────────────────┐
│                                                          │
│ Name: Review pull request                                │
│ Status: in progress                                      │
│ Priority: high                                           │
│ ┌ Description ─────────────────────────────────────────┐ │
│ │No description                                        │ │
│ │                                                      │ │
│ │                                                      │ │
│ │                                                      │ │
│ │                                                      │ │
│ │                                                      │ │
│ │                                                      │ │
│ │                                                      │ │
│ │                                                      │ │
│ │                                                      │ │
│ │                                                      │ │
│ └──────────────────────────────────────────────────────┘ │
│                                                          │
└──────────────────────────────────────────────────────────┘
