---
source: tests/snapshot_test_inbox.rs
expression: snapshot
---
┌Inbox─────────────────────────────────────────────────────┐
│▶ ⏰  Due date approaching - Task is due in 2 days (Jan 04,│
│                                                          │
│                                                          │
│                                                          │
│                                                          │
│                                                          │
│                                                          │
│                                                          │
│                                                          │
│                                                          │
│                                                          │
│                                                          │
│                                                          │
└──────────────────────────────────────────────────────────┘
