---
source: tests/snapshot_test.rs
assertion_line: 59
expression: snapshot
---
┌ Tasks ───────────────────────────────────────────────────┐
│  ▸ IN PROGRESS (1)                                       │
│▸ [↑] Review pull request                                 │
│  ▸ TODO (1)                                              │
│  [•] Write unit tests                                    │
│  ▸ DONE (1)                                              │
│  [⚡ ] Deploy to production                               │
│                                                          │
│                                                          │
│                                                          │
│                                                          │
│                                                          │
│                                                          │
│                                                          │
└──────────────────────────────────────────────────────────┘
