---
source: tests/snapshot_test.rs
expression: snapshot
---
┌ Test Document ───────────────────────────────────────────┐
│Test Document                                             │
│                                                          │
│This is test content.                                     │
│                                                          │
│                                                          │
│                                                          │
│                                                          │
│                                                          │
│                                                          │
│                                                          │
│                                                          │
│                                                          │
│                                                          │
│                                                          │
│                                                          │
│                                                          │
│                                                          │
│                                                          │
└──────────────────────────────────────────────────────────┘
