---
source: tests/snapshot_test.rs
expression: snapshot
---
┌Inbox─────────────────────────────────────────────────────┐
│📬  Inbox is empty - All caught up!                        │
│                                                          │
│                                                          │
│                                                          │
│                                                          │
│                                                          │
│                                                          │
│                                                          │
│                                                          │
│                                                          │
│                                                          │
│                                                          │
│                                                          │
└──────────────────────────────────────────────────────────┘
