---
source: tests/snapshot_test.rs
expression: snapshot
---
┌ Navigation ──────────────────────────┐
│▸ 👤  Assigned to Me (3)               │
│  📬  Inbox                            │
│  WS Engineering                      │
│  SP Backend                          │
│  FL API                              │
│  LI Sprint Tasks                     │
│                                      │
│                                      │
│                                      │
│                                      │
│                                      │
│                                      │
│                                      │
└──────────────────────────────────────┘
