---
source: tests/snapshot_test.rs
expression: snapshot
---
                                                                                
                                                                                
                                                                                
                                                                                
            ┌ Keyboard Shortcuts ──────────────────────────────────┐            
            │                                                      │            
            │                                                      │            
            │ Navigation:                                          │            
            │ Global:                                              │            
            │                                                      │            
            │ Actions:                                             │            
            │                                                      │            
            │                                                      │            
            │ Comments (Task Detail):                              │            
            │                                                      │            
            │                                                      │            
            │ Session:                                             │            
            │ Press any key to close                               │            
            │                                                      │            
            └──────────────────────────────────────────────────────┘
