---
source: tests/snapshot_test.rs
expression: snapshot
---
┌ Task Detail ─────────────────────────────────────────────┐
│                                                          │
│ No task selected                                         │
│                                                          │
│                                                          │
│                                                          │
│                                                          │
│                                                          │
│                                                          │
│                                                          │
│                                                          │
│                                                          │
│                                                          │
│                                                          │
│                                                          │
│                                                          │
│                                                          │
│                                                          │
│                                                          │
└──────────────────────────────────────────────────────────┘
