---
source: tests/snapshot_test.rs
expression: snapshot
---
┌ Navigation ──────────────────────────────────────────────────────────────────┐
│Engineering                                                                   │
│  Backend                                                                     │
│    API                                                                       │
│      Sprint Tasks                                                            │
│                                                                              │
│                                                                              │
│                                                                              │
│                                                                              │
│                                                                              │
│                                                                              │
│                                                                              │
│                                                                              │
│                                                                              │
│                                                                              │
│                                                                              │
│                                                                              │
│                                                                              │
│                                                                              │
│                                                                              │
│                                                                              │
│                                                                              │
│                                                                              │
└──────────────────────────────────────────────────────────────────────────────┘
