---
source: tests/snapshot_test_inbox.rs
expression: snapshot
---
┌Inbox─────────────────────────────────────────────────────┐
│▶ 💬  New comment on task - John added a comment: 'Looks go│
│                                                          │
│                                                          │
│                                                          │
│                                                          │
│                                                          │
│                                                          │
│                                                          │
│                                                          │
│                                                          │
│                                                          │
│                                                          │
│                                                          │
└──────────────────────────────────────────────────────────┘
