---
source: tests/snapshot_test_assigned_view.rs
expression: snapshot
---
┌Assigned to Me────────────────────────────────────────────┐
│Loading assigned items...                                 │
│                                                          │
│                                                          │
│                                                          │
│                                                          │
│                                                          │
│                                                          │
│                                                          │
│                                                          │
│                                                          │
│                                                          │
│                                                          │
│                                                          │
└──────────────────────────────────────────────────────────┘
