---
source: tests/snapshot_test.rs
expression: snapshot
---
                                                            
                                                            
                                                            
                                                            
                                                            
                                                            
            ┌ Authentication ──────────────────┐            
            │                                  │            
            │ Enter your ClickUp API Token     │            
            │ Token: pk_t•••••••••••█••        │            
            │                                  │            
            │ Press Enter to connect, Esc to c │            
            │                                  │            
            └──────────────────────────────────┘
